// Jest Snapshot v1, https://goo.gl/fbAQLP

exports[`PokemonPage debe de hacer match con el snapshot cuando cargan los componentes 1`] = `
<div>
  <h1>¿Quién es este pokémon?</h1>
</div>
<div>
  <pokemon-picture-stub pokemonid="1" showpokemon="false"></pokemon-picture-stub>
  <pokemon-options-stub pokemons="[object Object],[object Object],[object Object],[object Object]"></pokemon-options-stub>
  <!--v-if-->
</div>
`;
